ets Jul 29 2019 12:21:46

rst:0x1 (POWERON_RESET),boot:0x13 (SPI_FAST_FLASH_BOOT)
configsip: 0, SPIWP:0xee
clk_drv:0x00,q_drv:0x00,d_drv:0x00,cs0_drv:0x00,hd_drv:0x00,wp_drv:0x00
mode:DIO, clock div:2
load:0x3fff0030,len:7172
load:0x40078000,len:15540
load:0x40080400,len:4
ho 8 tail 4 room 4
load:0x40080404,len:3904
entry 0x40080640
[0;32mI (31) boot: ESP-IDF v5.2.2-dirty 2nd stage bootloader[0m
[0;32mI (31) boot: compile time Oct 23 2024 02:16:28[0m
[0;32mI (31) boot: Multicore bootloader[0m
[0;32mI (36) boot: chip revision: v3.1[0m
[0;32mI (40) boot.esp32: SPI Speed      : 40MHz[0m
[0;32mI (44) boot.esp32: SPI Mode       : DIO[0m
[0;32mI (49) boot.esp32: SPI Flash Size : 4MB[0m
[0;32mI (53) boot: Enabling RNG early entropy source...[0m
[0;32mI (59) boot: Partition Table:[0m
[0;32mI (62) boot: ## Label            Usage          Type ST Offset   Length[0m
[0;32mI (70) boot:  0 nvs              WiFi data        01 02 00009000 00006000[0m
[0;32mI (77) boot:  1 phy_init         RF data          01 01 0000f000 00001000[0m
[0;32mI (85) boot:  2 factory          factory app      00 00 00010000 00100000[0m
[0;32mI (92) boot: End of partition table[0m
[0;32mI (96) esp_image: segment 0: paddr=00010020 vaddr=3f400020 size=0b74ch ( 46924) map[0m
[0;32mI (121) esp_image: segment 1: paddr=0001b774 vaddr=3ffb0000 size=02254h (  8788) load[0m
[0;32mI (124) esp_image: segment 2: paddr=0001d9d0 vaddr=40080000 size=02648h (  9800) load[0m
[0;32mI (131) esp_image: segment 3: paddr=00020020 vaddr=400d0020 size=172bch ( 94908) map[0m
[0;32mI (168) esp_image: segment 4: paddr=000372e4 vaddr=40082648 size=0b180h ( 45440) load[0m
[0;32mI (192) boot: Loaded app from partition at offset 0x10000[0m
[0;32mI (193) boot: Disabling RNG early entropy source...[0m
[0;32mI (204) cpu_start: Multicore app[0m
[0;32mI (213) cpu_start: Pro cpu start user code[0m
[0;32mI (213) cpu_start: cpu freq: 160000000 Hz[0m
[0;32mI (213) cpu_start: Application information:[0m
[0;32mI (216) cpu_start: Project name:     fingerprint[0m
[0;32mI (221) cpu_start: App version:      47d98fe-dirty[0m
[0;32mI (227) cpu_start: Compile time:     Nov  1 2024 00:42:11[0m
[0;32mI (233) cpu_start: ELF file SHA256:  f2092ac04...[0m
[0;32mI (238) cpu_start: ESP-IDF:          v5.2.2-dirty[0m
[0;32mI (243) cpu_start: Min chip rev:     v0.0[0m
[0;32mI (248) cpu_start: Max chip rev:     v3.99 [0m
[0;32mI (253) cpu_start: Chip rev:         v3.1[0m
[0;32mI (258) heap_init: Initializing. RAM available for dynamic allocation:[0m
[0;32mI (265) heap_init: At 3FFAE6E0 len 00001920 (6 KiB): DRAM[0m
[0;32mI (271) heap_init: At 3FFB2B18 len 0002D4E8 (181 KiB): DRAM[0m
[0;32mI (277) heap_init: At 3FFE0440 len 00003AE0 (14 KiB): D/IRAM[0m
[0;32mI (284) heap_init: At 3FFE4350 len 0001BCB0 (111 KiB): D/IRAM[0m
[0;32mI (290) heap_init: At 4008D7C8 len 00012838 (74 KiB): IRAM[0m
[0;32mI (298) spi_flash: detected chip: generic[0m
[0;32mI (301) spi_flash: flash io: dio[0m
[0;32mI (305) main_task: Started on CPU0[0m
[0;32mI (315) main_task: Calling app_main()[0m
[0;32mI (315) gpio: GPIO[12]| InputEn: 0| OutputEn: 1| OpenDrain: 0| Pullup: 0| Pulldown: 1| Intr:0 [0m
[0;32mI (315) gpio: GPIO[13]| InputEn: 0| OutputEn: 1| OpenDrain: 0| Pullup: 0| Pulldown: 1| Intr:0 [0m
[0;32mI (325) gpio: GPIO[14]| InputEn: 0| OutputEn: 1| OpenDrain: 0| Pullup: 0| Pulldown: 1| Intr:0 [0m
[0;32mI (335) gpio: GPIO[26]| InputEn: 0| OutputEn: 1| OpenDrain: 0| Pullup: 0| Pulldown: 1| Intr:0 [0m
[0;32mI (345) gpio: GPIO[33]| InputEn: 0| OutputEn: 1| OpenDrain: 0| Pullup: 0| Pulldown: 1| Intr:0 [0m
[0;32mI (355) gpio: GPIO[25]| InputEn: 1| OutputEn: 0| OpenDrain: 0| Pullup: 0| Pulldown: 1| Intr:0 [0m
[0;32mI (365) gpio: GPIO[27]| InputEn: 1| OutputEn: 0| OpenDrain: 0| Pullup: 0| Pulldown: 1| Intr:0 [0m
[0;32mI (375) gpio: GPIO[32]| InputEn: 1| OutputEn: 0| OpenDrain: 0| Pullup: 0| Pulldown: 1| Intr:0 [0m
Send 16 byte: ef 01 ff ff ff ff 01 00 07 13 00 00 00 00 00 1b 
Received 12 bytes: EF 01 FF FF FF FF 07 00 03 00 00 0A 
[0;33mW (1395) UART: Place your finger on the sensor.[0m
[0;33mW (1735) UART: PS_GETIMAGE: response: 00[0m
[0;33mW (3175) UART: PS_GENCHAR: response: 00[0m
[0;33mW (3175) UART: Remove your finger and place it again.
[0m
ï¿½ï¿½ï¿½ï¿½ï¿½ï¿½ï¿½ï¿½ï¿½ï¿½ï¿½ï¿½ï¿½ï¿½ï¿½ï¿½ï¿½ï¿½ï¿½ï¿½ï¿½ï¿½ï¿½ï¿½ï¿½ï¿½ï¿½ï¿½ï¿½ï¿½ï¿½ï¿½ï¿½ï¿½ï¿½ï¿½ï¿½ï¿½ï¿½ï¿½ï¿½ï¿½ï¿½ï¿½ï¿½ï¿½ï¿½ï¿½ï¿½ï¿½ï¿½ï¿½ï¿½ï¿½ï¿½ï¿½ï¿½ï¿½ï¿½ï¿½ï¿½ï¿½ï¿½ï¿½33mW (5505) UART: PS_GETIMAGE: response: 00[0m
[0;33mW (6945) UART: PS_GENCHAR: response: 00[0m
[0;33mW (8055) UART: PS_REGMODEL: response: 00[0m
[0;33mW (9085) UART: PS_STORE: response: 00[0m
[0;32mI (9085) UART: PS_STORE: Fingerprint stored successfully.[0m
[0;32mI (9085) UART: PS_STORE: Fingerprint enrolled successfully at position 1.
[0m
[0;33mW (10085) main: Place your finger on the sensor.[0m
[0;33mW (10515) UART: PS_GETIMAGE: response: 00[0m
[0;32mI (10515) main: PS_GetImage response: 00[0m
[0;33mW (11945) UART: PS_GENCHAR: response: 00[0m
[0;33mW (13085) UART: PS_SEARCH: response: 00[0m
[0;32mI (13085) UART: PS_SEARCH: Fingerprint found at position: 1
[0m
[0;33mW (13105) UART: PS_DELETE_ACK: response: 00[0m
Received 12 bytes ACK: EF 01 FF FF FF FF 07 00 03 00 00 0A 
Fingerprint deleted successfully.
[0;33mW (14115) UART: PS_SEARCH: response: 17[0m
[0;32mI (14115) UART: PS_SEARCH: Fingerprint not found.
[0m
[0;32mI (14115) main_task: Returned from app_main()[0m
