ets Jul 29 2019 12:21:46

rst:0x1 (POWERON_RESET),boot:0x13 (SPI_FAST_FLASH_BOOT)
configsip: 0, SPIWP:0xee
clk_drv:0x00,q_drv:0x00,d_drv:0x00,cs0_drv:0x00,hd_drv:0x00,wp_drv:0x00
mode:DIO, clock div:2
load:0x3fff0030,len:7172
load:0x40078000,len:15540
load:0x40080400,len:4
ho 8 tail 4 room 4
load:0x40080404,len:3904
entry 0x40080640
[0;32mI (31) boot: ESP-IDF v5.2.2-dirty 2nd stage bootloader[0m
[0;32mI (31) boot: compile time Oct 23 2024 02:16:28[0m
[0;32mI (31) boot: Multicore bootloader[0m
[0;32mI (36) boot: chip revision: v3.1[0m
[0;32mI (40) boot.esp32: SPI Speed      : 40MHz[0m
[0;32mI (44) boot.esp32: SPI Mode       : DIO[0m
[0;32mI (49) boot.esp32: SPI Flash Size : 4MB[0m
[0;32mI (53) boot: Enabling RNG early entropy source...[0m
[0;32mI (59) boot: Partition Table:[0m
[0;32mI (62) boot: ## Label            Usage          Type ST Offset   Length[0m
[0;32mI (70) boot:  0 nvs              WiFi data        01 02 00009000 00006000[0m
[0;32mI (77) boot:  1 phy_init         RF data          01 01 0000f000 00001000[0m
[0;32mI (85) boot:  2 factory          factory app      00 00 00010000 00100000[0m
[0;32mI (92) boot: End of partition table[0m
[0;32mI (96) esp_image: segment 0: paddr=00010020 vaddr=3f400020 size=212bch (135868) map[0m
[0;32mI (151) esp_image: segment 1: paddr=000312e4 vaddr=3ffb0000 size=03bach ( 15276) load[0m
[0;32mI (157) esp_image: segment 2: paddr=00034e98 vaddr=40080000 size=0b180h ( 45440) load[0m
[0;32mI (175) esp_image: segment 3: paddr=00040020 vaddr=400d0020 size=857d8h (546776) map[0m
[0;32mI (363) esp_image: segment 4: paddr=000c5800 vaddr=4008b180 size=0c5e8h ( 50664) load[0m
[0;32mI (395) boot: Loaded app from partition at offset 0x10000[0m
[0;32mI (395) boot: Disabling RNG early entropy source...[0m
[0;32mI (406) cpu_start: Multicore app[0m
[0;32mI (415) cpu_start: Pro cpu start user code[0m
[0;32mI (415) cpu_start: cpu freq: 160000000 Hz[0m
[0;32mI (415) cpu_start: Application information:[0m
[0;32mI (418) cpu_start: Project name:     fingerprint[0m
[0;32mI (423) cpu_start: App version:      7803a30-dirty[0m
[0;32mI (429) cpu_start: Compile time:     Nov  3 2024 02:40:34[0m
[0;32mI (435) cpu_start: ELF file SHA256:  fd3102a67...[0m
[0;32mI (440) cpu_start: ESP-IDF:          v5.2.2-dirty[0m
[0;32mI (446) cpu_start: Min chip rev:     v0.0[0m
[0;32mI (450) cpu_start: Max chip rev:     v3.99 [0m
[0;32mI (455) cpu_start: Chip rev:         v3.1[0m
[0;32mI (460) heap_init: Initializing. RAM available for dynamic allocation:[0m
[0;32mI (467) heap_init: At 3FFAE6E0 len 00001920 (6 KiB): DRAM[0m
[0;32mI (473) heap_init: At 3FFB9D68 len 00026298 (152 KiB): DRAM[0m
[0;32mI (479) heap_init: At 3FFE0440 len 00003AE0 (14 KiB): D/IRAM[0m
[0;32mI (486) heap_init: At 3FFE4350 len 0001BCB0 (111 KiB): D/IRAM[0m
[0;32mI (492) heap_init: At 40097768 len 00008898 (34 KiB): IRAM[0m
[0;32mI (500) spi_flash: detected chip: generic[0m
[0;32mI (503) spi_flash: flash io: dio[0m
[0;32mI (508) main_task: Started on CPU0[0m
[0;32mI (518) main_task: Calling app_main()[0m
[0;32mI (518) gpio: GPIO[12]| InputEn: 0| OutputEn: 1| OpenDrain: 0| Pullup: 0| Pulldown: 1| Intr:0 [0m
[0;32mI (518) gpio: GPIO[13]| InputEn: 0| OutputEn: 1| OpenDrain: 0| Pullup: 0| Pulldown: 1| Intr:0 [0m
[0;32mI (528) gpio: GPIO[14]| InputEn: 0| OutputEn: 1| OpenDrain: 0| Pullup: 0| Pulldown: 1| Intr:0 [0m
[0;32mI (538) gpio: GPIO[26]| InputEn: 0| OutputEn: 1| OpenDrain: 0| Pullup: 0| Pulldown: 1| Intr:0 [0m
[0;32mI (548) gpio: GPIO[33]| InputEn: 0| OutputEn: 1| OpenDrain: 0| Pullup: 0| Pulldown: 1| Intr:0 [0m
[0;32mI (558) gpio: GPIO[25]| InputEn: 1| OutputEn: 0| OpenDrain: 0| Pullup: 0| Pulldown: 1| Intr:0 [0m
[0;32mI (568) gpio: GPIO[27]| InputEn: 1| OutputEn: 0| OpenDrain: 0| Pullup: 0| Pulldown: 1| Intr:0 [0m
[0;32mI (578) gpio: GPIO[32]| InputEn: 1| OutputEn: 0| OpenDrain: 0| Pullup: 0| Pulldown: 1| Intr:0 [0m
I (638) wifi:wifi driver task: 3ffc296c, prio:23, stack:6656, core=0
I (648) wifi:wifi firmware version: 3e0076f
I (658) wifi:wifi certification version: v7.0
I (658) wifi:config NVS flash: enabled
I (658) wifi:config nano formating: disabled
I (658) wifi:Init data frame dynamic rx buffer num: 32
I (658) wifi:Init static rx mgmt buffer num: 5
I (668) wifi:Init management short buffer num: 32
I (668) wifi:Init dynamic tx buffer num: 32
I (678) wifi:Init static rx buffer size: 1600
I (678) wifi:Init static rx buffer num: 10
I (678) wifi:Init dynamic rx buffer num: 32
[0;32mI (688) wifi_init: rx ba win: 6[0m
[0;32mI (688) wifi_init: tcpip mbox: 32[0m
[0;32mI (698) wifi_init: udp mbox: 6[0m
[0;32mI (698) wifi_init: tcp mbox: 6[0m
[0;32mI (698) wifi_init: tcp tx win: 5760[0m
[0;32mI (708) wifi_init: tcp rx win: 5760[0m
[0;32mI (708) wifi_init: tcp mss: 1440[0m
[0;32mI (718) wifi_init: WiFi IRAM OP enabled[0m
[0;32mI (718) wifi_init: WiFi RX IRAM OP enabled[0m
[0;32mI (728) phy_init: phy_version 4791,2c4672b,Dec 20 2023,16:06:06[0m
I (818) wifi:mode : sta (cc:7b:5c:28:c2:a8)
I (818) wifi:enable tsf
Password: 
I (1828) wifi:new:<1,0>, old:<1,0>, ap:<255,255>, sta:<1,0>, prof:1
I (1828) wifi:state: init -> auth (b0)
I (1848) wifi:state: auth -> assoc (0)
I (1858) wifi:state: assoc -> run (10)
I (1958) wifi:connected with BaPhuQuy, aid = 4, channel 1, BW20, bssid = e0:b6:68:22:70:2b
I (1958) wifi:security: WPA2-PSK, phy: bgn, rssi: -54
I (1968) wifi:pm start, type: 1

I (1968) wifi:dp: 1, bi: 102400, li: 3, scale listen interval from 307200 us to 307200 us
I (2038) wifi:AP's beacon interval = 102400 us, DTIM period = 1
I (4028) wifi:<ba-add>idx:0 (ifx:0, e0:b6:68:22:70:2b), tid:6, ssn:3, winSize:64
[0;32mI (4968) esp_netif_handlers: sta ip: 192.168.2.17, mask: 255.255.255.0, gw: 192.168.2.253[0m

=========================================== 
FAILURE!! TRY AGAIN! 
=========================================== 
[0;32mI (15318) main: SETTING:   1.PASSWORD     2.FINGERPRINT[0m
[0;32mI (16618) handle_fingerprint: SETTING FINGERPRINT:  1.ADD FINGERPRINT       2.DELETE FINGERPRINT[0m
DELETE FINGERPRINT: 
USER ID: 22
[0;32mI (19618) handle_fingerprint: USER NO EXIST !! [0m
Password: 
2 

=========================================== 
FAILURE!! TRY AGAIN! 
=========================================== 
[0;32mI (28418) main: SETTING:   1.PASSWORD     2.FINGERPRINT[0m
[0;32mI (29518) handle_fingerprint: SETTING FINGERPRINT:  1.ADD FINGERPRINT       2.DELETE FINGERPRINT[0m
DELETE FINGERPRINT: 
ï¿½ï¿½ï¿½ï¿½ï¿½ï¿½ï¿½ï¿½ï¿½ï¿½ï¿½ï¿½ï¿½ï¿½ï¿½ï¿½ï¿½ï¿½ï¿½ï¿½ï¿½ï¿½ï¿½ï¿½ï¿½ï¿½ï¿½ï¿½ï¿½ï¿½ï¿½ï¿½ï¿½ï¿½ï¿½ï¿½ï¿½ï¿½ï¿½ï¿½ï¿½ï¿½ï¿½ï¿½ï¿½ï¿½ï¿½ï¿½ï¿½ï¿½ï¿½ï¿½ï¿½ï¿½ï¿½ï¿½ï¿½ï¿½ï¿½ï¿½ï¿½ï¿½ï¿½ï¿½SER ID: 21
[0;32mI (43518) handle_fingerprint: USER NO EXIST !! [0m
Password: 
